<?xml version="1.0" encoding="utf-8"?><testsuites name="pytest tests"><testsuite name="pytest" errors="0" failures="0" skipped="0" tests="41" time="37.685" timestamp="2026-02-24T10:37:22.085603-04:00" hostname="zhuangzhou"><testcase classname="tests.test_attendance_widget" name="test_attendance_widget_teacher" time="0.644" /><testcase classname="tests.test_center_management" name="test_center_management_widget_admin" time="0.454" /><testcase classname="tests.test_center_management" name="test_add_center_dialog" time="0.913" /><testcase classname="tests.test_center_management" name="test_edit_center_dialog" time="0.539" /><testcase classname="tests.test_class_management" name="test_class_management_widget_admin" time="0.073" /><testcase classname="tests.test_class_management" name="test_class_management_widget_student" time="0.069" /><testcase classname="tests.test_class_reservation_dialog" name="test_class_reservation_dialog_load_classes" time="0.850" /><testcase classname="tests.test_class_reservation_dialog" name="test_reserve_with_package" time="1.411" /><testcase classname="tests.test_db" name="test_add_user_and_authenticate" time="1.177" /><testcase classname="tests.test_db" name="test_has_administrator_empty" time="0.070" /><testcase classname="tests.test_db" name="test_has_centers_empty" time="0.071" /><testcase classname="tests.test_db" name="test_add_center" time="0.072" /><testcase classname="tests.test_db" name="test_add_yogaclass" time="0.445" /><testcase classname="tests.test_db" name="test_reservation_and_payment" time="0.836" /><testcase classname="tests.test_db" name="test_package_flow" time="0.852" /><testcase classname="tests.test_login_dialog" name="test_login_dialog_initial_state" time="0.083" /><testcase classname="tests.test_login_dialog" name="test_login_empty_fields_shows_warning" time="0.072" /><testcase classname="tests.test_login_dialog" name="test_login_invalid_email_shows_warning" time="0.074" /><testcase classname="tests.test_login_dialog" name="test_login_successful" time="0.073" /><testcase classname="tests.test_login_dialog" name="test_login_inactive_user" time="0.073" /><testcase classname="tests.test_main_window" name="test_main_window_for_admin" time="0.544" /><testcase classname="tests.test_main_window" name="test_main_window_for_student" time="0.492" /><testcase classname="tests.test_package_management" name="test_package_management_widget_admin" time="0.454" /><testcase classname="tests.test_package_management" name="test_package_dialog_create" time="0.810" /><testcase classname="tests.test_package_management" name="test_package_dialog_edit" time="0.496" /><testcase classname="tests.test_package_purchase_dialog" name="test_package_purchase_dialog_load_packages" time="0.459" /><testcase classname="tests.test_package_purchase_dialog" name="test_package_purchase_select_and_purchase" time="1.353" /><testcase classname="tests.test_package_purchase_dialog" name="test_package_purchase_reserve" time="1.292" /><testcase classname="tests.test_payment_dialog" name="test_payment_dialog_load_classes" time="0.847" /><testcase classname="tests.test_payment_dialog" name="test_process_payment" time="1.281" /><testcase classname="tests.test_payments_widget" name="test_payments_widget_for_student" time="0.462" /><testcase classname="tests.test_receptionist_payment_dialog" name="test_receptionist_payment_dialog_init" time="1.245" /><testcase classname="tests.test_receptionist_payment_dialog" name="test_payment_tab_load_student_reservations" time="1.244" /><testcase classname="tests.test_receptionist_payment_dialog" name="test_process_payment" time="10.891" /><testcase classname="tests.test_register_dialog" name="test_register_dialog_initial_state" time="0.080" /><testcase classname="tests.test_register_dialog" name="test_register_empty_fields_shows_warning" time="0.078" /><testcase classname="tests.test_register_dialog" name="test_register_password_mismatch" time="0.084" /><testcase classname="tests.test_register_dialog" name="test_register_successful" time="0.465" /><testcase classname="tests.test_reports_widget" name="test_reports_widget_admin_tabs" time="1.218" /><testcase classname="tests.test_reports_widget" name="test_generate_financial_report" time="1.360" /><testcase classname="tests.test_reports_widget" name="test_generate_attendance_report" time="1.345" /></testsuite></testsuites>